Release 12.1 - xst M.53d (nt)
Copyright (c) 1995-2010 Xilinx, Inc.  All rights reserved.
--> Parameter TMPDIR set to xst/projnav.tmp


Total REAL time to Xst completion: 1.00 secs
Total CPU time to Xst completion: 0.16 secs
 
--> Parameter xsthdpdir set to xst


Total REAL time to Xst completion: 1.00 secs
Total CPU time to Xst completion: 0.16 secs
 
--> Reading design: spart3count.prj

TABLE OF CONTENTS
  1) Synthesis Options Summary
  2) HDL Compilation
  3) Design Hierarchy Analysis
  4) HDL Analysis
  5) HDL Synthesis
     5.1) HDL Synthesis Report
  6) Advanced HDL Synthesis
     6.1) Advanced HDL Synthesis Report
  7) Low Level Synthesis
  8) Partition Report
  9) Final Report
	9.1) Device utilization summary
	9.2) Partition Resource Summary
	9.3) TIMING REPORT


=========================================================================
*                      Synthesis Options Summary                        *
=========================================================================
---- Source Parameters
Input File Name                    : "spart3count.prj"
Input Format                       : mixed
Ignore Synthesis Constraint File   : NO

---- Target Parameters
Output File Name                   : "spart3count"
Output Format                      : NGC
Target Device                      : xc3s1000-5-ft256

---- Source Options
Top Module Name                    : spart3count
Automatic FSM Extraction           : YES
FSM Encoding Algorithm             : Auto
Safe Implementation                : No
FSM Style                          : lut
RAM Extraction                     : Yes
RAM Style                          : Auto
ROM Extraction                     : Yes
Mux Style                          : Auto
Decoder Extraction                 : YES
Priority Encoder Extraction        : YES
Shift Register Extraction          : YES
Logical Shifter Extraction         : YES
XOR Collapsing                     : YES
ROM Style                          : Auto
Mux Extraction                     : YES
Resource Sharing                   : YES
Asynchronous To Synchronous        : NO
Multiplier Style                   : auto
Automatic Register Balancing       : No

---- Target Options
Add IO Buffers                     : YES
Global Maximum Fanout              : 100000
Add Generic Clock Buffer(BUFG)     : 8
Register Duplication               : YES
Slice Packing                      : YES
Optimize Instantiated Primitives   : NO
Use Clock Enable                   : Auto
Use Synchronous Set                : Auto
Use Synchronous Reset              : Auto
Pack IO Registers into IOBs        : auto
Equivalent register Removal        : YES

---- General Options
Optimization Goal                  : Speed
Optimization Effort                : 1
Library Search Order               : spart3count.lso
Keep Hierarchy                     : NO
Netlist Hierarchy                  : as_optimized
RTL Output                         : Yes
Global Optimization                : AllClockNets
Read Cores                         : YES
Write Timing Constraints           : NO
Cross Clock Analysis               : NO
Hierarchy Separator                : /
Bus Delimiter                      : <>
Case Specifier                     : maintain
Slice Utilization Ratio            : 100
BRAM Utilization Ratio             : 100
Verilog 2001                       : YES
Auto BRAM Packing                  : NO
Slice Utilization Ratio Delta      : 5

=========================================================================


=========================================================================
*                          HDL Compilation                              *
=========================================================================
Compiling verilog file "stopstart.v" in library work
Compiling verilog file "setAlarm.v" in library work
Module <stopstart> compiled
Compiling verilog file "PushButton_Debouncer.v" in library work
Module <setAlarm> compiled
Compiling verilog file "OneTenMux.v" in library work
Module <debounceIndex> compiled
Compiling verilog file "minuteClk.v" in library work
Module <OneTenMux> compiled
Compiling verilog file "fast_clock.v" in library work
Module <minuteClk> compiled
Compiling verilog file "counter.v" in library work
Module <fast_clock> compiled
Compiling verilog file "clockCounter.v" in library work
Module <counter> compiled
Compiling verilog file "clockchange.v" in library work
Module <clockCounter> compiled
Compiling verilog file "clock1.v" in library work
Module <clockchange> compiled
Compiling verilog file "BCD_MUX1.v" in library work
Module <clock1> compiled
Compiling verilog file "BCD_LED1.v" in library work
Module <BCD_MUX1> compiled
Compiling verilog file "alarming.v" in library work
Module <BCD_LED1> compiled
Compiling verilog file "spart3count.v" in library work
Module <alarming> compiled
Module <spart3count> compiled
No errors in compilation
Analysis of file <"spart3count.prj"> succeeded.
 

=========================================================================
*                     Design Hierarchy Analysis                         *
=========================================================================
Analyzing hierarchy for module <spart3count> in library <work>.

Analyzing hierarchy for module <fast_clock> in library <work>.

Analyzing hierarchy for module <clock1> in library <work>.

Analyzing hierarchy for module <minuteClk> in library <work>.

Analyzing hierarchy for module <setAlarm> in library <work>.

Analyzing hierarchy for module <alarming> in library <work>.

Analyzing hierarchy for module <debounceIndex> in library <work> with parameters.
	DELAY = "00000000000001111010000100100000"

Analyzing hierarchy for module <OneTenMux> in library <work>.

Analyzing hierarchy for module <counter> in library <work>.

Analyzing hierarchy for module <clockchange> in library <work>.

Analyzing hierarchy for module <clockCounter> in library <work>.

Analyzing hierarchy for module <BCD_MUX1> in library <work>.

Analyzing hierarchy for module <BCD_LED1> in library <work>.

Analyzing hierarchy for module <stopstart> in library <work>.


=========================================================================
*                            HDL Analysis                               *
=========================================================================
Analyzing top module <spart3count>.
WARNING:Xst:852 - "spart3count.v" line 81: Unconnected input port 'cd0' of instance 'BCDMUX1' is tied to GND.
WARNING:Xst:852 - "spart3count.v" line 81: Unconnected input port 'cd1' of instance 'BCDMUX1' is tied to GND.
WARNING:Xst:852 - "spart3count.v" line 81: Unconnected input port 'cd2' of instance 'BCDMUX1' is tied to GND.
WARNING:Xst:852 - "spart3count.v" line 81: Unconnected input port 'cd3' of instance 'BCDMUX1' is tied to GND.
Module <spart3count> is correct for synthesis.
 
Analyzing module <fast_clock> in library <work>.
Module <fast_clock> is correct for synthesis.
 
Analyzing module <clock1> in library <work>.
Module <clock1> is correct for synthesis.
 
Analyzing module <minuteClk> in library <work>.
Module <minuteClk> is correct for synthesis.
 
Analyzing module <setAlarm> in library <work>.
Module <setAlarm> is correct for synthesis.
 
Analyzing module <alarming> in library <work>.
Module <alarming> is correct for synthesis.
 
Analyzing module <debounceIndex> in library <work>.
	DELAY = 32'sb00000000000001111010000100100000
Module <debounceIndex> is correct for synthesis.
 
Analyzing module <OneTenMux> in library <work>.
Module <OneTenMux> is correct for synthesis.
 
Analyzing module <counter> in library <work>.
Module <counter> is correct for synthesis.
 
Analyzing module <clockchange> in library <work>.
Module <clockchange> is correct for synthesis.
 
Analyzing module <clockCounter> in library <work>.
Module <clockCounter> is correct for synthesis.
 
Analyzing module <BCD_MUX1> in library <work>.
Module <BCD_MUX1> is correct for synthesis.
 
Analyzing module <BCD_LED1> in library <work>.
Module <BCD_LED1> is correct for synthesis.
 
Analyzing module <stopstart> in library <work>.
Module <stopstart> is correct for synthesis.
 

=========================================================================
*                           HDL Synthesis                               *
=========================================================================

Performing bidirectional port resolution...

Synthesizing Unit <fast_clock>.
    Related source file is "fast_clock.v".
    Found 2-bit register for signal <clk_1hz>.
    Found 26-bit comparator lessequal for signal <clk_1hz$cmp_le0000> created at line 45.
    Found 26-bit comparator lessequal for signal <clk_1hz$cmp_le0001> created at line 49.
    Found 26-bit comparator lessequal for signal <clk_1hz$cmp_le0002> created at line 53.
    Found 26-bit up counter for signal <count>.
    Found 26-bit comparator greatequal for signal <count$cmp_ge0000> created at line 36.
    Summary:
	inferred   1 Counter(s).
	inferred   2 D-type flip-flop(s).
	inferred   4 Comparator(s).
Unit <fast_clock> synthesized.


Synthesizing Unit <clock1>.
    Related source file is "clock1.v".
    Found 1-bit register for signal <clk_1hz>.
    Found 26-bit comparator greatequal for signal <clk_1hz$cmp_ge0000> created at line 46.
    Found 26-bit up counter for signal <count>.
    Found 26-bit comparator greatequal for signal <count$cmp_ge0000> created at line 38.
    Summary:
	inferred   1 Counter(s).
	inferred   1 D-type flip-flop(s).
	inferred   2 Comparator(s).
Unit <clock1> synthesized.


Synthesizing Unit <minuteClk>.
    Related source file is "minuteClk.v".
    Found 1-bit register for signal <clk_1hz>.
    Found 32-bit comparator greatequal for signal <clk_1hz$cmp_ge0000> created at line 66.
    Found 32-bit up counter for signal <count>.
    Found 32-bit comparator greatequal for signal <count$cmp_ge0000> created at line 58.
    Summary:
	inferred   1 Counter(s).
	inferred   1 D-type flip-flop(s).
	inferred   2 Comparator(s).
Unit <minuteClk> synthesized.


Synthesizing Unit <setAlarm>.
    Related source file is "setAlarm.v".
WARNING:Xst:1780 - Signal <pressed> is never used or assigned. This unconnected signal will be trimmed during the optimization process.
    Found 4-bit up counter for signal <num0>.
    Found 4-bit up counter for signal <num1>.
    Found 4-bit register for signal <num2>.
    Found 4-bit register for signal <num3>.
    Found 4-bit comparator greatequal for signal <num0$cmp_ge0000> created at line 56.
    Found 4-bit comparator greatequal for signal <num1$cmp_ge0000> created at line 59.
    Found 4-bit comparator greatequal for signal <num1$cmp_ge0001> created at line 56.
    Found 4-bit comparator less for signal <num1$cmp_lt0000> created at line 56.
    Found 4-bit subtractor for signal <num2$addsub0000>.
    Found 7-bit up counter for signal <num2and3>.
    Found 7-bit comparator greatequal for signal <num2and3$cmp_ge0000> created at line 75.
    Found 7-bit comparator lessequal for signal <num3$cmp_le0000> created at line 39.
    Found 7-bit comparator less for signal <num3$cmp_lt0000> created at line 43.
    Found 4-bit adder for signal <old_num0_1$add0000> created at line 55.
    Found 4-bit adder for signal <old_num1_2$add0000> created at line 58.
    Found 7-bit adder for signal <old_num2and3_3$add0000> created at line 74.
    Summary:
	inferred   3 Counter(s).
	inferred   8 D-type flip-flop(s).
	inferred   4 Adder/Subtractor(s).
	inferred   7 Comparator(s).
Unit <setAlarm> synthesized.


Synthesizing Unit <alarming>.
    Related source file is "alarming.v".
    Register <buzzer> equivalent to <alarmRing> has been removed
    Found 1-bit register for signal <alarmRing>.
    Found 1-bit register for signal <alarmStatus>.
    Found 4-bit comparator not equal for signal <alarmRing$cmp_ne0000> created at line 34.
    Found 4-bit comparator not equal for signal <alarmRing$cmp_ne0001> created at line 34.
    Found 4-bit comparator not equal for signal <alarmRing$cmp_ne0002> created at line 34.
    Found 4-bit comparator not equal for signal <alarmRing$cmp_ne0003> created at line 34.
    Summary:
	inferred   2 D-type flip-flop(s).
	inferred   4 Comparator(s).
Unit <alarming> synthesized.


Synthesizing Unit <debounceIndex>.
    Related source file is "PushButton_Debouncer.v".
    Found 1-bit register for signal <clean>.
    Found 19-bit up counter for signal <count>.
    Found 1-bit register for signal <new>.
    Found 1-bit xor2 for signal <new$xor0000> created at line 10.
    Summary:
	inferred   1 Counter(s).
	inferred   2 D-type flip-flop(s).
Unit <debounceIndex> synthesized.


Synthesizing Unit <OneTenMux>.
    Related source file is "OneTenMux.v".
    Found 1-of-4 decoder for signal <AN>.
    Summary:
	inferred   1 Decoder(s).
Unit <OneTenMux> synthesized.


Synthesizing Unit <counter>.
    Related source file is "counter.v".
    Found 4-bit register for signal <num0>.
    Found 4-bit register for signal <num1>.
    Found 4-bit register for signal <num2>.
    Found 4-bit register for signal <num3>.
    Found 4-bit comparator greatequal for signal <old_num0_12$cmp_ge0000> created at line 61.
    Found 4-bit comparator greatequal for signal <old_num1_13$cmp_ge0000> created at line 65.
    Found 4-bit comparator greatequal for signal <old_num2_14$cmp_ge0000> created at line 69.
    Found 4-bit comparator greatequal for signal <old_num3_15$cmp_ge0000> created at line 73.
    Summary:
	inferred  16 D-type flip-flop(s).
	inferred   4 Adder/Subtractor(s).
	inferred   4 Comparator(s).
Unit <counter> synthesized.


Synthesizing Unit <clockchange>.
    Related source file is "clockchange.v".
    Found 7-bit up counter for signal <n2and3>.
    Found 8-bit up counter for signal <n0and1>.
    Found 8-bit comparator greatequal for signal <n0and1$cmp_ge0000> created at line 47.
    Found 7-bit comparator greatequal for signal <n2and3$cmp_ge0000> created at line 57.
    Found 8-bit adder for signal <old_n0and1_16$add0000> created at line 46.
    Found 7-bit adder for signal <old_n2and3_17$add0000> created at line 56.
    Found 1-bit register for signal <signal>.
    Found 1-bit xor2 for signal <signal$xor0000> created at line 40.
    Summary:
	inferred   2 Counter(s).
	inferred   1 D-type flip-flop(s).
	inferred   2 Adder/Subtractor(s).
	inferred   2 Comparator(s).
Unit <clockchange> synthesized.


Synthesizing Unit <clockCounter>.
    Related source file is "clockCounter.v".
    Found 4-bit register for signal <num0>.
    Found 4-bit register for signal <num1>.
    Found 4-bit register for signal <num2>.
    Found 4-bit register for signal <num3>.
    Found 8-bit up counter for signal <n0and1>.
    Found 8-bit comparator greater for signal <n0and1$cmp_gt0000> created at line 157.
    Found 7-bit up counter for signal <n2and3>.
    Found 8-bit adder carry out for signal <n2and3$addsub0000> created at line 162.
    Found 7-bit comparator greater for signal <n2and3$cmp_gt0000> created at line 165.
    Found 8-bit comparator greater for signal <n2and3$cmp_gt0001> created at line 157.
    Found 8-bit adder carry out for signal <num0$addsub0000> created at line 50.
    Found 9-bit comparator less for signal <num0$cmp_lt0000> created at line 98.
    Found 9-bit comparator less for signal <num0$cmp_lt0001> created at line 93.
    Found 9-bit comparator less for signal <num0$cmp_lt0002> created at line 88.
    Found 9-bit comparator less for signal <num0$cmp_lt0003> created at line 83.
    Found 9-bit comparator less for signal <num0$cmp_lt0004> created at line 78.
    Found 9-bit comparator less for signal <num0$cmp_lt0005> created at line 73.
    Found 9-bit comparator less for signal <num0$cmp_lt0006> created at line 68.
    Found 9-bit comparator less for signal <num0$cmp_lt0007> created at line 63.
    Found 9-bit comparator less for signal <num0$cmp_lt0008> created at line 58.
    Found 9-bit comparator less for signal <num0$cmp_lt0009> created at line 53.
    Found 4-bit addsub for signal <num0$share0000>.
    Found 9-bit comparator lessequal for signal <num1$cmp_le0000> created at line 43.
    Found 9-bit comparator less for signal <num1$cmp_lt0000> created at line 48.
    Found 7-bit adder carry out for signal <num2$addsub0000> created at line 116.
    Found 8-bit comparator less for signal <num2$cmp_lt0000> created at line 137.
    Found 8-bit comparator less for signal <num2$cmp_lt0001> created at line 131.
    Found 8-bit comparator less for signal <num2$cmp_lt0002> created at line 125.
    Found 8-bit comparator less for signal <num2$cmp_lt0003> created at line 119.
    Found 4-bit addsub for signal <num2$mux0000>.
    Found 8-bit comparator lessequal for signal <num3$cmp_le0000> created at line 109.
    Found 8-bit comparator less for signal <num3$cmp_lt0000> created at line 114.
    Found 8-bit adder for signal <old_n0and1_18$add0000> created at line 154.
    Found 7-bit adder for signal <old_n2and3_19$add0000> created at line 164.
    Summary:
	inferred   2 Counter(s).
	inferred  16 D-type flip-flop(s).
	inferred   7 Adder/Subtractor(s).
	inferred  21 Comparator(s).
Unit <clockCounter> synthesized.


Synthesizing Unit <BCD_MUX1>.
    Related source file is "BCD_MUX1.v".
WARNING:Xst:647 - Input <cd0> is never used. This port will be preserved and left unconnected if it belongs to a top-level block or it belongs to a sub-block and the hierarchy of this sub-block is preserved.
WARNING:Xst:647 - Input <cd1> is never used. This port will be preserved and left unconnected if it belongs to a top-level block or it belongs to a sub-block and the hierarchy of this sub-block is preserved.
WARNING:Xst:647 - Input <cd2> is never used. This port will be preserved and left unconnected if it belongs to a top-level block or it belongs to a sub-block and the hierarchy of this sub-block is preserved.
WARNING:Xst:647 - Input <cd3> is never used. This port will be preserved and left unconnected if it belongs to a top-level block or it belongs to a sub-block and the hierarchy of this sub-block is preserved.
Unit <BCD_MUX1> synthesized.


Synthesizing Unit <BCD_LED1>.
    Related source file is "BCD_LED1.v".
    Found 16x7-bit ROM for signal <LED>.
    Summary:
	inferred   1 ROM(s).
Unit <BCD_LED1> synthesized.


Synthesizing Unit <stopstart>.
    Related source file is "stopstart.v".
    Found 2-bit register for signal <state>.
    Found 2-bit register for signal <next_state>.
    Summary:
	inferred   4 D-type flip-flop(s).
Unit <stopstart> synthesized.


Synthesizing Unit <spart3count>.
    Related source file is "spart3count.v".
WARNING:Xst:647 - Input <cdswitch> is never used. This port will be preserved and left unconnected if it belongs to a top-level block or it belongs to a sub-block and the hierarchy of this sub-block is preserved.
WARNING:Xst:1306 - Output <buzzer2> is never assigned.
WARNING:Xst:1780 - Signal <f> is never used or assigned. This unconnected signal will be trimmed during the optimization process.
WARNING:Xst:1780 - Signal <e> is never used or assigned. This unconnected signal will be trimmed during the optimization process.
WARNING:Xst:1780 - Signal <cd3> is never used or assigned. This unconnected signal will be trimmed during the optimization process.
WARNING:Xst:1780 - Signal <cd2> is never used or assigned. This unconnected signal will be trimmed during the optimization process.
WARNING:Xst:1780 - Signal <cd1> is never used or assigned. This unconnected signal will be trimmed during the optimization process.
WARNING:Xst:1780 - Signal <cd0> is never used or assigned. This unconnected signal will be trimmed during the optimization process.
Unit <spart3count> synthesized.

INFO:Xst:1767 - HDL ADVISOR - Resource sharing has identified that some arithmetic operations in this design can share the same physical resources for reduced device utilization. For improved clock frequency you may try to disable resource sharing.

=========================================================================
HDL Synthesis Report

Macro Statistics
# ROMs                                                 : 1
 16x7-bit ROM                                          : 1
# Adders/Subtractors                                   : 17
 4-bit adder                                           : 6
 4-bit addsub                                          : 2
 4-bit subtractor                                      : 1
 7-bit adder                                           : 3
 7-bit adder carry out                                 : 1
 8-bit adder                                           : 2
 8-bit adder carry out                                 : 2
# Counters                                             : 14
 19-bit up counter                                     : 4
 26-bit up counter                                     : 2
 32-bit up counter                                     : 1
 4-bit up counter                                      : 2
 7-bit up counter                                      : 3
 8-bit up counter                                      : 2
# Registers                                            : 26
 1-bit register                                        : 13
 2-bit register                                        : 3
 4-bit register                                        : 10
# Comparators                                          : 46
 26-bit comparator greatequal                          : 3
 26-bit comparator lessequal                           : 3
 32-bit comparator greatequal                          : 2
 4-bit comparator greatequal                           : 7
 4-bit comparator less                                 : 1
 4-bit comparator not equal                            : 4
 7-bit comparator greatequal                           : 2
 7-bit comparator greater                              : 1
 7-bit comparator less                                 : 1
 7-bit comparator lessequal                            : 1
 8-bit comparator greatequal                           : 1
 8-bit comparator greater                              : 2
 8-bit comparator less                                 : 5
 8-bit comparator lessequal                            : 1
 9-bit comparator less                                 : 11
 9-bit comparator lessequal                            : 1
# Decoders                                             : 1
 1-of-4 decoder                                        : 1
# Xors                                                 : 5
 1-bit xor2                                            : 5

=========================================================================

=========================================================================
*                       Advanced HDL Synthesis                          *
=========================================================================

INFO:Xst:2261 - The FF/Latch <num3_2> in Unit <setAlarm> is equivalent to the following FF/Latch, which will be removed : <num3_3> 
INFO:Xst:2261 - The FF/Latch <num3_2> in Unit <clkcnt> is equivalent to the following FF/Latch, which will be removed : <num3_3> 
WARNING:Xst:1293 - FF/Latch <num3_2> has a constant value of 0 in block <setAlarm>. This FF/Latch will be trimmed during the optimization process.
WARNING:Xst:1710 - FF/Latch <num3_2> (without init value) has a constant value of 0 in block <clkcnt>. This FF/Latch will be trimmed during the optimization process.
WARNING:Xst:1710 - FF/Latch <num1_3> (without init value) has a constant value of 0 in block <clkcnt>. This FF/Latch will be trimmed during the optimization process.

=========================================================================
Advanced HDL Synthesis Report

Macro Statistics
# ROMs                                                 : 1
 16x7-bit ROM                                          : 1
# Adders/Subtractors                                   : 17
 4-bit adder                                           : 6
 4-bit addsub                                          : 2
 4-bit subtractor                                      : 1
 7-bit adder                                           : 3
 7-bit adder carry out                                 : 1
 8-bit adder                                           : 2
 8-bit adder carry out                                 : 2
# Counters                                             : 14
 19-bit up counter                                     : 4
 26-bit up counter                                     : 2
 32-bit up counter                                     : 1
 4-bit up counter                                      : 2
 7-bit up counter                                      : 3
 8-bit up counter                                      : 2
# Registers                                            : 59
 Flip-Flops                                            : 59
# Comparators                                          : 46
 26-bit comparator greatequal                          : 3
 26-bit comparator lessequal                           : 3
 32-bit comparator greatequal                          : 2
 4-bit comparator greatequal                           : 7
 4-bit comparator less                                 : 1
 4-bit comparator not equal                            : 4
 7-bit comparator greatequal                           : 2
 7-bit comparator greater                              : 1
 7-bit comparator less                                 : 1
 7-bit comparator lessequal                            : 1
 8-bit comparator greatequal                           : 1
 8-bit comparator greater                              : 2
 8-bit comparator less                                 : 5
 8-bit comparator lessequal                            : 1
 9-bit comparator less                                 : 11
 9-bit comparator lessequal                            : 1
# Decoders                                             : 1
 1-of-4 decoder                                        : 1
# Xors                                                 : 5
 1-bit xor2                                            : 5

=========================================================================

=========================================================================
*                         Low Level Synthesis                           *
=========================================================================
WARNING:Xst:1293 - FF/Latch <num3_2> has a constant value of 0 in block <setAlarm>. This FF/Latch will be trimmed during the optimization process.
WARNING:Xst:1896 - Due to other FF/Latch trimming, FF/Latch <num3_3> has a constant value of 0 in block <setAlarm>. This FF/Latch will be trimmed during the optimization process.
WARNING:Xst:1710 - FF/Latch <num3_2> (without init value) has a constant value of 0 in block <clockCounter>. This FF/Latch will be trimmed during the optimization process.
WARNING:Xst:1895 - Due to other FF/Latch trimming, FF/Latch <num3_3> (without init value) has a constant value of 0 in block <clockCounter>. This FF/Latch will be trimmed during the optimization process.
WARNING:Xst:1895 - Due to other FF/Latch trimming, FF/Latch <num1_3> (without init value) has a constant value of 0 in block <clockCounter>. This FF/Latch will be trimmed during the optimization process.

Optimizing unit <spart3count> ...

Optimizing unit <setAlarm> ...

Optimizing unit <debounceIndex> ...

Optimizing unit <counter> ...
WARNING:Xst:1293 - FF/Latch <num2_3> has a constant value of 0 in block <counter>. This FF/Latch will be trimmed during the optimization process.
WARNING:Xst:1293 - FF/Latch <num2_3> has a constant value of 0 in block <counter>. This FF/Latch will be trimmed during the optimization process.

Optimizing unit <clockchange> ...

Optimizing unit <clockCounter> ...

Optimizing unit <stopstart> ...

Mapping all equations...
Building and optimizing final netlist ...
Found area constraint ratio of 100 (+ 5) on block spart3count, actual ratio is 4.
FlipFlop alarming/alarmStatus has been replicated 1 time(s) to handle iob=true attribute.

Final Macro Processing ...

Processing Unit <spart3count> :
	Found 2-bit shift register for signal <swstate/state_0>.
Unit <spart3count> processed.

=========================================================================
Final Register Report

Macro Statistics
# Registers                                            : 257
 Flip-Flops                                            : 257
# Shift Registers                                      : 1
 2-bit shift register                                  : 1

=========================================================================

=========================================================================
*                           Partition Report                            *
=========================================================================

Partition Implementation Status
-------------------------------

  No Partitions were found in this design.

-------------------------------

=========================================================================
*                            Final Report                               *
=========================================================================
Final Results
RTL Top Level Output File Name     : spart3count.ngr
Top Level Output File Name         : spart3count
Output Format                      : NGC
Optimization Goal                  : Speed
Keep Hierarchy                     : NO

Design Statistics
# IOs                              : 24

Cell Usage :
# BELS                             : 1121
#      GND                         : 1
#      INV                         : 31
#      LUT1                        : 189
#      LUT2                        : 77
#      LUT3                        : 61
#      LUT3_D                      : 3
#      LUT3_L                      : 1
#      LUT4                        : 210
#      LUT4_D                      : 7
#      LUT4_L                      : 13
#      MUXCY                       : 307
#      MUXF5                       : 21
#      VCC                         : 1
#      XORCY                       : 199
# FlipFlops/Latches                : 258
#      FD                          : 26
#      FDE                         : 16
#      FDR                         : 97
#      FDRE                        : 109
#      FDRSE                       : 2
#      FDS                         : 8
# Shift Registers                  : 1
#      SRL16                       : 1
# Clock Buffers                    : 2
#      BUFG                        : 1
#      BUFGP                       : 1
# IO Buffers                       : 21
#      IBUF                        : 7
#      OBUF                        : 14
=========================================================================

Device utilization summary:
---------------------------

Selected Device : 3s1000ft256-5 

 Number of Slices:                      316  out of   7680     4%  
 Number of Slice Flip Flops:            257  out of  15360     1%  
 Number of 4 input LUTs:                593  out of  15360     3%  
    Number used as logic:               592
    Number used as Shift registers:       1
 Number of IOs:                          24
 Number of bonded IOBs:                  22  out of    173    12%  
    IOB Flip Flops:                       1
 Number of GCLKs:                         2  out of      8    25%  

---------------------------
Partition Resource Summary:
---------------------------

  No Partitions were found in this design.

---------------------------


=========================================================================
TIMING REPORT

NOTE: THESE TIMING NUMBERS ARE ONLY A SYNTHESIS ESTIMATE.
      FOR ACCURATE TIMING INFORMATION PLEASE REFER TO THE TRACE REPORT
      GENERATED AFTER PLACE-and-ROUTE.

Clock Information:
------------------
-----------------------------------+--------------------------+-------+
Clock Signal                       | Clock buffer(FF name)    | Load  |
-----------------------------------+--------------------------+-------+
uclock                             | BUFGP                    | 166   |
clock_1/clk_1hz1                   | BUFG                     | 48    |
debounce2/clean                    | NONE(setAlarm/num1_3)    | 8     |
debounce3/clean                    | NONE(setAlarm/num2and3_6)| 7     |
clkchange/signal                   | NONE(clkchange/n2and3_6) | 15    |
minuteClk/clk_1hz                  | NONE(clkcnt/n0and1_7)    | 15    |
-----------------------------------+--------------------------+-------+
INFO:Xst:2169 - HDL ADVISOR - Some clock signals were not automatically buffered by XST with BUFG/BUFR resources. Please use the buffer_type constraint in order to insert these buffers to the clock signals to help prevent skew problems.

Asynchronous Control Signals Information:
----------------------------------------
No asynchronous control signals found in this design

Timing Summary:
---------------
Speed Grade: -5

   Minimum period: 8.976ns (Maximum Frequency: 111.410MHz)
   Minimum input arrival time before clock: 9.141ns
   Maximum output required time after clock: 12.041ns
   Maximum combinational path delay: 12.244ns

Timing Detail:
--------------
All values displayed in nanoseconds (ns)

=========================================================================
Timing constraint: Default period analysis for Clock 'uclock'
  Clock period: 6.133ns (frequency: 163.062MHz)
  Total number of paths / destination ports: 4341 / 355
-------------------------------------------------------------------------
Delay:               6.133ns (Levels of Logic = 14)
  Source:            clock_1/count_5 (FF)
  Destination:       clock_1/clk_1hz (FF)
  Source Clock:      uclock rising
  Destination Clock: uclock rising

  Data Path: clock_1/count_5 to clock_1/clk_1hz
                                Gate     Net
    Cell:in->out      fanout   Delay   Delay  Logical Name (Net Name)
    ----------------------------------------  ------------
     FDR:C->Q              2   0.626   1.040  clock_1/count_5 (clock_1/count_5)
     LUT1:I0->O            1   0.479   0.000  clock_1/Mcompar_clk_1hz_cmp_ge0000_cy<0>_rt (clock_1/Mcompar_clk_1hz_cmp_ge0000_cy<0>_rt)
     MUXCY:S->O            1   0.435   0.000  clock_1/Mcompar_clk_1hz_cmp_ge0000_cy<0> (clock_1/Mcompar_clk_1hz_cmp_ge0000_cy<0>)
     MUXCY:CI->O           1   0.056   0.000  clock_1/Mcompar_clk_1hz_cmp_ge0000_cy<1> (clock_1/Mcompar_clk_1hz_cmp_ge0000_cy<1>)
     MUXCY:CI->O           1   0.056   0.000  clock_1/Mcompar_clk_1hz_cmp_ge0000_cy<2> (clock_1/Mcompar_clk_1hz_cmp_ge0000_cy<2>)
     MUXCY:CI->O           1   0.056   0.000  clock_1/Mcompar_clk_1hz_cmp_ge0000_cy<3> (clock_1/Mcompar_clk_1hz_cmp_ge0000_cy<3>)
     MUXCY:CI->O           1   0.056   0.000  clock_1/Mcompar_clk_1hz_cmp_ge0000_cy<4> (clock_1/Mcompar_clk_1hz_cmp_ge0000_cy<4>)
     MUXCY:CI->O           1   0.056   0.000  clock_1/Mcompar_clk_1hz_cmp_ge0000_cy<5> (clock_1/Mcompar_clk_1hz_cmp_ge0000_cy<5>)
     MUXCY:CI->O           1   0.056   0.000  clock_1/Mcompar_clk_1hz_cmp_ge0000_cy<6> (clock_1/Mcompar_clk_1hz_cmp_ge0000_cy<6>)
     MUXCY:CI->O           1   0.056   0.000  clock_1/Mcompar_clk_1hz_cmp_ge0000_cy<7> (clock_1/Mcompar_clk_1hz_cmp_ge0000_cy<7>)
     MUXCY:CI->O           1   0.056   0.000  clock_1/Mcompar_clk_1hz_cmp_ge0000_cy<8> (clock_1/Mcompar_clk_1hz_cmp_ge0000_cy<8>)
     MUXCY:CI->O           1   0.056   0.000  clock_1/Mcompar_clk_1hz_cmp_ge0000_cy<9> (clock_1/Mcompar_clk_1hz_cmp_ge0000_cy<9>)
     MUXCY:CI->O           1   0.056   0.000  clock_1/Mcompar_clk_1hz_cmp_ge0000_cy<10> (clock_1/Mcompar_clk_1hz_cmp_ge0000_cy<10>)
     MUXCY:CI->O           1   0.264   0.681  clock_1/Mcompar_clk_1hz_cmp_ge0000_cy<11> (clock_1/clk_1hz_cmp_ge0000)
     INV:I->O              1   0.479   0.681  clock_1/clk_1hz_not00011_INV_0 (clock_1/clk_1hz_not0001)
     FDR:R                     0.892          clock_1/clk_1hz
    ----------------------------------------
    Total                      6.133ns (3.731ns logic, 2.402ns route)
                                       (60.8% logic, 39.2% route)

=========================================================================
Timing constraint: Default period analysis for Clock 'clock_1/clk_1hz1'
  Clock period: 6.958ns (frequency: 143.713MHz)
  Total number of paths / destination ports: 1724 / 86
-------------------------------------------------------------------------
Delay:               6.958ns (Levels of Logic = 4)
  Source:            count/num3_0 (FF)
  Destination:       count/num3_2 (FF)
  Source Clock:      clock_1/clk_1hz1 rising
  Destination Clock: clock_1/clk_1hz1 rising

  Data Path: count/num3_0 to count/num3_2
                                Gate     Net
    Cell:in->out      fanout   Delay   Delay  Logical Name (Net Name)
    ----------------------------------------  ------------
     FD:C->Q               6   0.626   0.876  count/num3_0 (count/num3_0)
     LUT4:I3->O            2   0.479   1.040  count/_old_num3_15<2>519 (count/_old_num3_15<0>0)
     LUT3:I0->O            2   0.479   0.768  count/_old_num3_15<2>523 (count/_old_num3_15<2>523)
     LUT4_L:I3->LO         1   0.479   0.159  count/_old_num3_15<2>546 (count/N22)
     LUT3:I2->O            1   0.479   0.681  count/_old_num3_15<2>5 (count/_old_num3_15<2>5)
     FDS:S                     0.892          count/num3_2
    ----------------------------------------
    Total                      6.958ns (3.434ns logic, 3.524ns route)
                                       (49.4% logic, 50.6% route)

=========================================================================
Timing constraint: Default period analysis for Clock 'debounce2/clean'
  Clock period: 7.048ns (frequency: 141.887MHz)
  Total number of paths / destination ports: 164 / 20
-------------------------------------------------------------------------
Delay:               7.048ns (Levels of Logic = 3)
  Source:            setAlarm/num0_0 (FF)
  Destination:       setAlarm/num1_3 (FF)
  Source Clock:      debounce2/clean rising
  Destination Clock: debounce2/clean rising

  Data Path: setAlarm/num0_0 to setAlarm/num1_3
                                Gate     Net
    Cell:in->out      fanout   Delay   Delay  Logical Name (Net Name)
    ----------------------------------------  ------------
     FDRE:C->Q             6   0.626   1.148  setAlarm/num0_0 (setAlarm/num0_0)
     LUT4:I0->O            2   0.479   0.915  setAlarm/Result<3>11 (setAlarm/Result<3>1)
     LUT4:I1->O            9   0.479   1.250  setAlarm/num1_and000011 (setAlarm/num0_and0000)
     LUT4:I0->O            4   0.479   0.779  setAlarm/num1_and00001 (setAlarm/num1_and0000)
     FDRE:R                    0.892          setAlarm/num1_0
    ----------------------------------------
    Total                      7.048ns (2.955ns logic, 4.093ns route)
                                       (41.9% logic, 58.1% route)

=========================================================================
Timing constraint: Default period analysis for Clock 'debounce3/clean'
  Clock period: 6.865ns (frequency: 145.665MHz)
  Total number of paths / destination ports: 182 / 14
-------------------------------------------------------------------------
Delay:               6.865ns (Levels of Logic = 3)
  Source:            setAlarm/num2and3_3 (FF)
  Destination:       setAlarm/num2and3_6 (FF)
  Source Clock:      debounce3/clean rising
  Destination Clock: debounce3/clean rising

  Data Path: setAlarm/num2and3_3 to setAlarm/num2and3_6
                                Gate     Net
    Cell:in->out      fanout   Delay   Delay  Logical Name (Net Name)
    ----------------------------------------  ------------
     FDRE:C->Q             6   0.626   1.148  setAlarm/num2and3_3 (setAlarm/num2and3_3)
     LUT4_D:I0->O          3   0.479   0.941  setAlarm/Madd_old_num2and3_3_add0000_cy<3>1 (setAlarm/Madd_old_num2and3_3_add0000_cy<3>)
     LUT3:I1->O            2   0.479   0.915  setAlarm/Result<5>1 (setAlarm/Result<5>)
     LUT4:I1->O            7   0.479   0.906  setAlarm/num2and3_and0000 (setAlarm/num2and3_and0000)
     FDRE:R                    0.892          setAlarm/num2and3_0
    ----------------------------------------
    Total                      6.865ns (2.955ns logic, 3.910ns route)
                                       (43.0% logic, 57.0% route)

=========================================================================
Timing constraint: Default period analysis for Clock 'clkchange/signal'
  Clock period: 6.382ns (frequency: 156.685MHz)
  Total number of paths / destination ports: 259 / 30
-------------------------------------------------------------------------
Delay:               6.382ns (Levels of Logic = 4)
  Source:            clkchange/n0and1_1 (FF)
  Destination:       clkchange/n0and1_7 (FF)
  Source Clock:      clkchange/signal rising
  Destination Clock: clkchange/signal rising

  Data Path: clkchange/n0and1_1 to clkchange/n0and1_7
                                Gate     Net
    Cell:in->out      fanout   Delay   Delay  Logical Name (Net Name)
    ----------------------------------------  ------------
     FDRE:C->Q             5   0.626   1.078  clkchange/n0and1_1 (clkchange/n0and1_1)
     LUT4_L:I0->LO         1   0.479   0.123  clkchange/n0and1_and000054_SW0 (N126)
     LUT4:I3->O            1   0.479   0.704  clkchange/n0and1_and000054 (clkchange/n0and1_and000054)
     LUT4_L:I3->LO         1   0.479   0.123  clkchange/n0and1_and000079_SW0 (N138)
     LUT4:I3->O            8   0.479   0.921  clkchange/n0and1_and000079 (clkchange/n0and1_and0000)
     FDRE:R                    0.892          clkchange/n0and1_0
    ----------------------------------------
    Total                      6.382ns (3.434ns logic, 2.948ns route)
                                       (53.8% logic, 46.2% route)

=========================================================================
Timing constraint: Default period analysis for Clock 'minuteClk/clk_1hz'
  Clock period: 8.976ns (frequency: 111.410MHz)
  Total number of paths / destination ports: 2679 / 23
-------------------------------------------------------------------------
Delay:               8.976ns (Levels of Logic = 7)
  Source:            clkcnt/n0and1_3 (FF)
  Destination:       clkcnt/n2and3_2 (FF)
  Source Clock:      minuteClk/clk_1hz rising
  Destination Clock: minuteClk/clk_1hz rising

  Data Path: clkcnt/n0and1_3 to clkcnt/n2and3_2
                                Gate     Net
    Cell:in->out      fanout   Delay   Delay  Logical Name (Net Name)
    ----------------------------------------  ------------
     FDR:C->Q              6   0.626   1.148  clkcnt/n0and1_3 (clkcnt/n0and1_3)
     LUT4:I0->O            1   0.479   0.851  clkcnt/Madd_old_n0and1_18_add0000_xor<3>11 (clkcnt/old_n0and1_18_add0000<3>)
     LUT2:I1->O            1   0.479   0.000  clkcnt/Madd_n2and3_addsub0000_lut<3> (clkcnt/Madd_n2and3_addsub0000_lut<3>)
     MUXCY:S->O            1   0.435   0.000  clkcnt/Madd_n2and3_addsub0000_cy<3> (clkcnt/Madd_n2and3_addsub0000_cy<3>)
     MUXCY:CI->O           1   0.056   0.000  clkcnt/Madd_n2and3_addsub0000_cy<4> (clkcnt/Madd_n2and3_addsub0000_cy<4>)
     MUXCY:CI->O           1   0.056   0.000  clkcnt/Madd_n2and3_addsub0000_cy<5> (clkcnt/Madd_n2and3_addsub0000_cy<5>)
     XORCY:CI->O           2   0.786   0.768  clkcnt/Madd_n2and3_addsub0000_xor<6> (clkcnt/n2and3_addsub0000<6>)
     LUT4:I3->O            2   0.479   0.804  clkcnt/n2and3_cmp_eq00007 (clkcnt/n2and3_cmp_eq00007)
     LUT4:I2->O            6   0.479   0.876  clkcnt/n2and3_and0000 (clkcnt/n2and3_and0000)
     LUT4:I3->O            1   0.479   0.000  clkcnt/n2and3_2_rstpot (clkcnt/n2and3_2_rstpot)
     FD:D                      0.176          clkcnt/n2and3_2
    ----------------------------------------
    Total                      8.976ns (4.529ns logic, 4.447ns route)
                                       (50.5% logic, 49.5% route)

=========================================================================
Timing constraint: Default OFFSET IN BEFORE for Clock 'uclock'
  Total number of paths / destination ports: 90 / 90
-------------------------------------------------------------------------
Offset:              4.340ns (Levels of Logic = 2)
  Source:            buttons<3> (PAD)
  Destination:       debounce3/count_18 (FF)
  Destination Clock: uclock rising

  Data Path: buttons<3> to debounce3/count_18
                                Gate     Net
    Cell:in->out      fanout   Delay   Delay  Logical Name (Net Name)
    ----------------------------------------  ------------
     IBUF:I->O             3   0.715   0.941  buttons_3_IBUF (buttons_3_IBUF)
     LUT2:I1->O           20   0.479   1.313  debounce3/Mxor_new_xor0000_Result1 (debounce3/new_not0001_inv)
     FDRE:R                    0.892          debounce3/count_0
    ----------------------------------------
    Total                      4.340ns (2.086ns logic, 2.254ns route)
                                       (48.1% logic, 51.9% route)

=========================================================================
Timing constraint: Default OFFSET IN BEFORE for Clock 'debounce2/clean'
  Total number of paths / destination ports: 32 / 16
-------------------------------------------------------------------------
Offset:              8.017ns (Levels of Logic = 4)
  Source:            switch (PAD)
  Destination:       setAlarm/num1_3 (FF)
  Destination Clock: debounce2/clean rising

  Data Path: switch to setAlarm/num1_3
                                Gate     Net
    Cell:in->out      fanout   Delay   Delay  Logical Name (Net Name)
    ----------------------------------------  ------------
     IBUF:I->O            24   0.715   1.697  switch_IBUF (switch_IBUF)
     LUT2:I1->O           12   0.479   1.245  setAlarm/num1_and0000111 (setAlarm/num0_and0001)
     LUT4:I0->O            9   0.479   1.250  setAlarm/num1_and000011 (setAlarm/num0_and0000)
     LUT4:I0->O            4   0.479   0.779  setAlarm/num1_and00001 (setAlarm/num1_and0000)
     FDRE:R                    0.892          setAlarm/num1_0
    ----------------------------------------
    Total                      8.017ns (3.044ns logic, 4.973ns route)
                                       (38.0% logic, 62.0% route)

=========================================================================
Timing constraint: Default OFFSET IN BEFORE for Clock 'debounce3/clean'
  Total number of paths / destination ports: 28 / 14
-------------------------------------------------------------------------
Offset:              4.600ns (Levels of Logic = 2)
  Source:            switch2 (PAD)
  Destination:       setAlarm/num2and3_6 (FF)
  Destination Clock: debounce3/clean rising

  Data Path: switch2 to setAlarm/num2and3_6
                                Gate     Net
    Cell:in->out      fanout   Delay   Delay  Logical Name (Net Name)
    ----------------------------------------  ------------
     IBUF:I->O            20   0.715   1.608  switch2_IBUF (switch2_IBUF)
     LUT4:I0->O            7   0.479   0.906  setAlarm/num2and3_and0000 (setAlarm/num2and3_and0000)
     FDRE:R                    0.892          setAlarm/num2and3_0
    ----------------------------------------
    Total                      4.600ns (2.086ns logic, 2.514ns route)
                                       (45.3% logic, 54.7% route)

=========================================================================
Timing constraint: Default OFFSET IN BEFORE for Clock 'clock_1/clk_1hz1'
  Total number of paths / destination ports: 136 / 21
-------------------------------------------------------------------------
Offset:              9.141ns (Levels of Logic = 6)
  Source:            switch (PAD)
  Destination:       count/num3_2 (FF)
  Destination Clock: clock_1/clk_1hz1 rising

  Data Path: switch to count/num3_2
                                Gate     Net
    Cell:in->out      fanout   Delay   Delay  Logical Name (Net Name)
    ----------------------------------------  ------------
     IBUF:I->O            24   0.715   1.822  switch_IBUF (switch_IBUF)
     LUT3:I0->O           17   0.479   1.438  count/_old_num3_15<2>11 (count/N01)
     LUT4_D:I0->LO         1   0.479   0.270  count/old_num2_14_cmp_ge00001 (N201)
     LUT3:I1->O            2   0.479   0.768  count/_old_num3_15<2>523 (count/_old_num3_15<2>523)
     LUT4_L:I3->LO         1   0.479   0.159  count/_old_num3_15<2>546 (count/N22)
     LUT3:I2->O            1   0.479   0.681  count/_old_num3_15<2>5 (count/_old_num3_15<2>5)
     FDS:S                     0.892          count/num3_2
    ----------------------------------------
    Total                      9.141ns (4.002ns logic, 5.139ns route)
                                       (43.8% logic, 56.2% route)

=========================================================================
Timing constraint: Default OFFSET IN BEFORE for Clock 'clkchange/signal'
  Total number of paths / destination ports: 60 / 30
-------------------------------------------------------------------------
Offset:              6.295ns (Levels of Logic = 3)
  Source:            switch2 (PAD)
  Destination:       clkchange/n2and3_6 (FF)
  Destination Clock: clkchange/signal rising

  Data Path: switch2 to clkchange/n2and3_6
                                Gate     Net
    Cell:in->out      fanout   Delay   Delay  Logical Name (Net Name)
    ----------------------------------------  ------------
     IBUF:I->O            20   0.715   1.608  switch2_IBUF (switch2_IBUF)
     LUT4:I0->O            8   0.479   1.216  clkchange/n2and3_and000021 (clkchange/n2and3_not0001)
     LUT4:I0->O            7   0.479   0.906  clkchange/n2and3_and0000 (clkchange/n2and3_and0000)
     FDRE:R                    0.892          clkchange/n2and3_0
    ----------------------------------------
    Total                      6.295ns (2.565ns logic, 3.730ns route)
                                       (40.7% logic, 59.3% route)

=========================================================================
Timing constraint: Default OFFSET OUT AFTER for Clock 'uclock'
  Total number of paths / destination ports: 382 / 14
-------------------------------------------------------------------------
Offset:              12.041ns (Levels of Logic = 6)
  Source:            fast_clk/clk_1hz_0 (FF)
  Destination:       LED<1> (PAD)
  Source Clock:      uclock rising

  Data Path: fast_clk/clk_1hz_0 to LED<1>
                                Gate     Net
    Cell:in->out      fanout   Delay   Delay  Logical Name (Net Name)
    ----------------------------------------  ------------
     FDS:C->Q             21   0.626   1.583  fast_clk/clk_1hz_0 (fast_clk/clk_1hz_0)
     LUT4:I0->O            1   0.479   0.000  BCDMUX1/LED<2>73_G (N181)
     MUXF5:I1->O           1   0.314   0.976  BCDMUX1/LED<2>73 (BCDMUX1/LED<2>73)
     LUT2:I0->O            1   0.479   0.000  BCDMUX1/LED<2>1682 (BCDMUX1/LED<2>1681)
     MUXF5:I0->O           7   0.314   1.201  BCDMUX1/LED<2>168_f5 (muxout<2>)
     LUT4:I0->O            1   0.479   0.681  BCDLED1/Mrom_LED111 (LED_1_OBUF)
     OBUF:I->O                 4.909          LED_1_OBUF (LED<1>)
    ----------------------------------------
    Total                     12.041ns (7.600ns logic, 4.441ns route)
                                       (63.1% logic, 36.9% route)

=========================================================================
Timing constraint: Default OFFSET OUT AFTER for Clock 'clock_1/clk_1hz1'
  Total number of paths / destination ports: 105 / 7
-------------------------------------------------------------------------
Offset:              11.480ns (Levels of Logic = 6)
  Source:            count/num0_3 (FF)
  Destination:       LED<4> (PAD)
  Source Clock:      clock_1/clk_1hz1 rising

  Data Path: count/num0_3 to LED<4>
                                Gate     Net
    Cell:in->out      fanout   Delay   Delay  Logical Name (Net Name)
    ----------------------------------------  ------------
     FD:C->Q               6   0.626   1.148  count/num0_3 (count/num0_3)
     LUT2:I0->O            1   0.479   0.000  BCDMUX1/LED<3>871 (BCDMUX1/LED<3>871)
     MUXF5:I1->O           1   0.314   0.851  BCDMUX1/LED<3>87_f5 (BCDMUX1/LED<3>87)
     LUT3:I1->O            1   0.479   0.000  BCDMUX1/LED<3>139_F (N178)
     MUXF5:I0->O           7   0.314   1.201  BCDMUX1/LED<3>139 (muxout<3>)
     LUT4:I0->O            1   0.479   0.681  BCDLED1/Mrom_LED41 (LED_4_OBUF)
     OBUF:I->O                 4.909          LED_4_OBUF (LED<4>)
    ----------------------------------------
    Total                     11.480ns (7.600ns logic, 3.880ns route)
                                       (66.2% logic, 33.8% route)

=========================================================================
Timing constraint: Default OFFSET OUT AFTER for Clock 'debounce2/clean'
  Total number of paths / destination ports: 56 / 7
-------------------------------------------------------------------------
Offset:              10.974ns (Levels of Logic = 5)
  Source:            setAlarm/num1_3 (FF)
  Destination:       LED<4> (PAD)
  Source Clock:      debounce2/clean rising

  Data Path: setAlarm/num1_3 to LED<4>
                                Gate     Net
    Cell:in->out      fanout   Delay   Delay  Logical Name (Net Name)
    ----------------------------------------  ------------
     FDRE:C->Q             3   0.626   1.066  setAlarm/num1_3 (setAlarm/num1_3)
     LUT2:I0->O            1   0.479   0.740  BCDMUX1/LED<3>2 (BCDMUX1/LED<3>2)
     LUT3:I2->O            1   0.479   0.000  BCDMUX1/LED<3>139_G (N179)
     MUXF5:I1->O           7   0.314   1.201  BCDMUX1/LED<3>139 (muxout<3>)
     LUT4:I0->O            1   0.479   0.681  BCDLED1/Mrom_LED41 (LED_4_OBUF)
     OBUF:I->O                 4.909          LED_4_OBUF (LED<4>)
    ----------------------------------------
    Total                     10.974ns (7.286ns logic, 3.688ns route)
                                       (66.4% logic, 33.6% route)

=========================================================================
Timing constraint: Default path analysis
  Total number of paths / destination ports: 154 / 7
-------------------------------------------------------------------------
Delay:               12.244ns (Levels of Logic = 7)
  Source:            switch (PAD)
  Destination:       LED<1> (PAD)

  Data Path: switch to LED<1>
                                Gate     Net
    Cell:in->out      fanout   Delay   Delay  Logical Name (Net Name)
    ----------------------------------------  ------------
     IBUF:I->O            24   0.715   1.822  switch_IBUF (switch_IBUF)
     LUT4:I0->O            1   0.479   0.000  BCDMUX1/LED<2>125_F (N182)
     MUXF5:I0->O           1   0.314   0.851  BCDMUX1/LED<2>125 (BCDMUX1/LED<2>125)
     LUT2:I1->O            1   0.479   0.000  BCDMUX1/LED<2>1682 (BCDMUX1/LED<2>1681)
     MUXF5:I0->O           7   0.314   1.201  BCDMUX1/LED<2>168_f5 (muxout<2>)
     LUT4:I0->O            1   0.479   0.681  BCDLED1/Mrom_LED111 (LED_1_OBUF)
     OBUF:I->O                 4.909          LED_1_OBUF (LED<1>)
    ----------------------------------------
    Total                     12.244ns (7.689ns logic, 4.555ns route)
                                       (62.8% logic, 37.2% route)

=========================================================================


Total REAL time to Xst completion: 10.00 secs
Total CPU time to Xst completion: 9.73 secs
 
--> 

Total memory usage is 141088 kilobytes

Number of errors   :    0 (   0 filtered)
Number of warnings :   28 (   0 filtered)
Number of infos    :    4 (   0 filtered)

