--------------------------------------------------------------------------------
Release 12.1 Trace  (nt)
Copyright (c) 1995-2010 Xilinx, Inc.  All rights reserved.

C:\Xilinx\12.1\ISE_DS\ISE\bin\nt\unwrapped\trce.exe -intstyle ise -v 3 -s 5 -n
3 -fastpaths -xml spart3count.twx spart3count.ncd -o spart3count.twr
spart3count.pcf -ucf spart3count.ucf

Design file:              spart3count.ncd
Physical constraint file: spart3count.pcf
Device,package,speed:     xc3s1000,ft256,-5 (PRODUCTION 1.39 2010-04-09)
Report level:             verbose report

Environment Variable      Effect 
--------------------      ------ 
NONE                      No environment variables were set
--------------------------------------------------------------------------------

INFO:Timing:2698 - No timing constraints found, doing default enumeration.
INFO:Timing:2752 - To get complete path coverage, use the unconstrained paths 
   option. All paths that are not constrained will be reported in the 
   unconstrained paths section(s) of the report.
INFO:Timing:3339 - The clock-to-out numbers in this timing report are based on 
   a 50 Ohm transmission line loading model.  For the details of this model, 
   and for more information on accounting for different loading conditions, 
   please see the device datasheet.
INFO:Timing:3390 - This architecture does not support a default System Jitter 
   value, please add SYSTEM_JITTER constraint to the UCF to modify the Clock 
   Uncertainty calculation.
INFO:Timing:3389 - This architecture does not support 'Discrete Jitter' and 
   'Phase Error' calculations, these terms will be zero in the Clock 
   Uncertainty calculation.  Please make appropriate modification to 
   SYSTEM_JITTER to account for the unsupported Discrete Jitter and Phase 
   Error.



Data Sheet report:
-----------------
All values displayed in nanoseconds (ns)

Setup/Hold to clock uclock
------------+------------+------------+------------------+--------+
            |Max Setup to|Max Hold to |                  | Clock  |
Source      | clk (edge) | clk (edge) |Internal Clock(s) | Phase  |
------------+------------+------------+------------------+--------+
alarmSwitch |    4.490(R)|   -1.770(R)|uclock_BUFGP      |   0.000|
buttons<0>  |    3.494(R)|   -0.040(R)|uclock_BUFGP      |   0.000|
buttons<1>  |    4.622(R)|   -0.001(R)|uclock_BUFGP      |   0.000|
buttons<2>  |    3.672(R)|    0.367(R)|uclock_BUFGP      |   0.000|
buttons<3>  |    2.313(R)|    0.734(R)|uclock_BUFGP      |   0.000|
------------+------------+------------+------------------+--------+

Clock uclock to Pad
------------+------------+------------------+--------+
            | clk (edge) |                  | Clock  |
Destination |   to PAD   |Internal Clock(s) | Phase  |
------------+------------+------------------+--------+
AN<0>       |   11.799(R)|uclock_BUFGP      |   0.000|
AN<1>       |   10.985(R)|uclock_BUFGP      |   0.000|
AN<2>       |   11.487(R)|uclock_BUFGP      |   0.000|
AN<3>       |   11.126(R)|uclock_BUFGP      |   0.000|
LED<0>      |   17.775(R)|uclock_BUFGP      |   0.000|
LED<1>      |   17.624(R)|uclock_BUFGP      |   0.000|
LED<2>      |   17.109(R)|uclock_BUFGP      |   0.000|
LED<3>      |   17.695(R)|uclock_BUFGP      |   0.000|
LED<4>      |   17.586(R)|uclock_BUFGP      |   0.000|
LED<5>      |   17.684(R)|uclock_BUFGP      |   0.000|
LED<6>      |   17.807(R)|uclock_BUFGP      |   0.000|
alarmRing   |    9.911(R)|uclock_BUFGP      |   0.000|
alarmStatus |    6.318(R)|uclock_BUFGP      |   0.000|
buzzer      |   11.046(R)|uclock_BUFGP      |   0.000|
------------+------------+------------------+--------+

Clock to Setup on destination clock uclock
---------------+---------+---------+---------+---------+
               | Src:Rise| Src:Fall| Src:Rise| Src:Fall|
Source Clock   |Dest:Rise|Dest:Rise|Dest:Fall|Dest:Fall|
---------------+---------+---------+---------+---------+
uclock         |    5.569|         |         |         |
---------------+---------+---------+---------+---------+

Pad to Pad
---------------+---------------+---------+
Source Pad     |Destination Pad|  Delay  |
---------------+---------------+---------+
switch         |LED<0>         |   16.455|
switch         |LED<1>         |   16.263|
switch         |LED<2>         |   15.789|
switch         |LED<3>         |   16.375|
switch         |LED<4>         |   16.266|
switch         |LED<5>         |   16.364|
switch         |LED<6>         |   16.487|
switch2        |LED<0>         |   14.437|
switch2        |LED<1>         |   15.157|
switch2        |LED<2>         |   14.036|
switch2        |LED<3>         |   14.664|
switch2        |LED<4>         |   14.313|
switch2        |LED<5>         |   15.154|
switch2        |LED<6>         |   14.595|
---------------+---------------+---------+


Analysis completed Thu Apr 21 16:34:03 2011 
--------------------------------------------------------------------------------

Trace Settings:
-------------------------
Trace Settings 

Peak Memory Usage: 92 MB



